G:\projeler\Parsian\code\T4200A\Sources\Common\_Main\hypertcf.c
G:\projeler\Parsian\code\T4200A\Sources\Common\Batch\journal.c
G:\projeler\Parsian\code\T4200A\Sources\Common\Comms\comm_c.cpp
G:\projeler\Parsian\code\T4200A\Sources\Common\Comms\comm_c.h
G:\projeler\Parsian\code\T4200A\Sources\Common\Data\appdata.c
G:\projeler\Parsian\code\T4200A\Sources\Common\Data\appdata.h
G:\projeler\Parsian\code\T4200A\Sources\Common\Data\collect.h
G:\projeler\Parsian\code\T4200A\Sources\Common\Data\comdata.c
G:\projeler\Parsian\code\T4200A\Sources\Common\Data\comdata.h
G:\projeler\Parsian\code\T4200A\Sources\Common\Data\struct.h
G:\projeler\Parsian\code\T4200A\Sources\Common\Data\tables.c
G:\projeler\Parsian\code\T4200A\Sources\Common\Hosts\reqhyp.c
G:\projeler\Parsian\code\T4200A\Sources\Common\Images\ImgKeyAsc.h
G:\projeler\Parsian\code\T4200A\Sources\Common\Images\ImgKeyAscSmall.h
G:\projeler\Parsian\code\T4200A\Sources\Common\Printer\AcqTableVarName.h
G:\projeler\Parsian\code\T4200A\Sources\Common\Printer\CardTableVarName.h
G:\projeler\Parsian\code\T4200A\Sources\Common\Printer\IssTableVarName.h
G:\projeler\Parsian\code\T4200A\Sources\Common\Printer\prtdef.c
G:\projeler\Parsian\code\T4200A\Sources\Common\Printer\prtdef.h
G:\projeler\Parsian\code\T4200A\Sources\Common\Printer\prtDetayli.c
G:\projeler\Parsian\code\T4200A\Sources\Common\Printer\prtDetayli.h
G:\projeler\Parsian\code\T4200A\Sources\Common\Printer\prtdrv.c
G:\projeler\Parsian\code\T4200A\Sources\Common\Printer\prttable.c
G:\projeler\Parsian\code\T4200A\Sources\Common\Printer\receipt.c
G:\projeler\Parsian\code\T4200A\Sources\Common\Printer\TermTableVarName.h
G:\projeler\Parsian\code\T4200A\Sources\Common\Printer\testprnt.c
G:\projeler\Parsian\code\T4200A\Sources\Common\Texts\evtentext.c
G:\projeler\Parsian\code\T4200A\Sources\Common\Texts\evtestext.c
G:\projeler\Parsian\code\T4200A\Sources\Common\Texts\evtgrtext.c
G:\projeler\Parsian\code\T4200A\Sources\Common\Texts\evtpttext.c
G:\projeler\Parsian\code\T4200A\Sources\Common\Texts\evtswtext.c
G:\projeler\Parsian\code\T4200A\Sources\Common\Texts\evttextinit.c
G:\projeler\Parsian\code\T4200A\Sources\Common\Texts\evttextinit.h
G:\projeler\Parsian\code\T4200A\Sources\Common\Texts\hdtentext.c
G:\projeler\Parsian\code\T4200A\Sources\Common\Texts\hdtestext.c
G:\projeler\Parsian\code\T4200A\Sources\Common\Texts\hdtgrtext.c
G:\projeler\Parsian\code\T4200A\Sources\Common\Texts\hdtpttext.c
G:\projeler\Parsian\code\T4200A\Sources\Common\Texts\hdtswtext.c
G:\projeler\Parsian\code\T4200A\Sources\Common\Texts\hdttextinit.c
G:\projeler\Parsian\code\T4200A\Sources\Common\Texts\hdttextinit.h
G:\projeler\Parsian\code\T4200A\Sources\Common\Texts\msg.c
G:\projeler\Parsian\code\T4200A\Sources\Common\Texts\msg.h
G:\projeler\Parsian\code\T4200A\Sources\Common\Texts\msgfunc.c
G:\projeler\Parsian\code\T4200A\Sources\Common\Texts\pcltextinit.c
G:\projeler\Parsian\code\T4200A\Sources\Common\Texts\pcltextinit.h
G:\projeler\Parsian\code\T4200A\Sources\Common\Texts\rsptextinit.c
G:\projeler\Parsian\code\T4200A\Sources\Common\Texts\rsptextinit.h
G:\projeler\Parsian\code\T4200A\Sources\Common\Texts\text.c
G:\projeler\Parsian\code\T4200A\Sources\Common\Texts\text.h
G:\projeler\Parsian\code\T4200A\Sources\Common\Txn_flow\app1.c
G:\projeler\Parsian\code\T4200A\Sources\Common\Txn_flow\app1.h
G:\projeler\Parsian\code\T4200A\Sources\Common\Txn_flow\app2.c
G:\projeler\Parsian\code\T4200A\Sources\Common\Txn_flow\app2.h
G:\projeler\Parsian\code\T4200A\Sources\Common\Txn_flow\checkCurrency.c
G:\projeler\Parsian\code\T4200A\Sources\Common\Txn_flow\checkCurrency.h
G:\projeler\Parsian\code\T4200A\Sources\Common\Txn_flow\discount.c
G:\projeler\Parsian\code\T4200A\Sources\Common\Txn_flow\discount.h
G:\projeler\Parsian\code\T4200A\Sources\Common\Txn_flow\eventbl.c
G:\projeler\Parsian\code\T4200A\Sources\Common\Txn_flow\forceSettlement.c
G:\projeler\Parsian\code\T4200A\Sources\Common\Txn_flow\forceSettlement.h
G:\projeler\Parsian\code\T4200A\Sources\Common\Txn_flow\function.c
G:\projeler\Parsian\code\T4200A\Sources\Common\Txn_flow\function.h
G:\projeler\Parsian\code\T4200A\Sources\Common\Txn_flow\loyalty.c
G:\projeler\Parsian\code\T4200A\Sources\Common\Txn_flow\loyalty.h
G:\projeler\Parsian\code\T4200A\Sources\Common\Txn_flow\transdef.h
G:\projeler\Parsian\code\T4200A\Sources\Common\Utils\read_io.c
G:\projeler\Parsian\code\T4200A\Sources\Common\Utils\utilfunc.c
G:\projeler\Parsian\code\T4200A\Sources\EmvL2\cryptoutils.c
G:\projeler\Parsian\code\T4200A\Sources\EmvL2\cryptoutils.h
G:\projeler\Parsian\code\T4200A\Sources\EmvL2\emv2_cv.h
G:\projeler\Parsian\code\T4200A\Sources\EmvL2\emv2_pk.h
G:\projeler\Parsian\code\T4200A\Sources\EmvL2\emv_at.h
G:\projeler\Parsian\code\T4200A\Sources\EmvL2\emv_atdata.c
G:\projeler\Parsian\code\T4200A\Sources\EmvL2\emv_keydata.c
G:\projeler\Parsian\code\T4200A\Sources\EmvL2\emv_l2.h
G:\projeler\Parsian\code\T4200A\Sources\EmvL2\emvdata.c
G:\projeler\Parsian\code\T4200A\Sources\EmvL2\emvdata.h
G:\projeler\Parsian\code\T4200A\Sources\EmvL2\EmvLib.lib
G:\projeler\Parsian\code\T4200A\Sources\EmvL2\Release_Notes_5.12.txt
G:\projeler\Parsian\code\T4200A\Sources\M4100\background.bin
G:\projeler\Parsian\code\T4200A\Sources\M4100\base_app.bin
G:\projeler\Parsian\code\T4200A\Sources\M4100\BaseApp.vpj
G:\projeler\Parsian\code\T4200A\Sources\M4100\BaseApp.vpw
G:\projeler\Parsian\code\T4200A\Sources\M4100\debugflags
G:\projeler\Parsian\code\T4200A\Sources\M4100\gccspecs
G:\projeler\Parsian\code\T4200A\Sources\M4100\GenGDBScript.awk
G:\projeler\Parsian\code\T4200A\Sources\M4100\PinPad\pinpad.c
G:\projeler\Parsian\code\T4200A\Sources\M4100\PinPad\virtualped.c
G:\projeler\Parsian\code\T4200A\Sources\M4100\PinPad\virtualped.h
G:\projeler\Parsian\code\T4200A\Sources\M4100\Signature\signature.cpp
G:\projeler\Parsian\code\T4200A\Sources\M4100\Signature\signature.h
G:\projeler\Parsian\code\T4200A\Sources\M4100\UI\ColorScheme.c
G:\projeler\Parsian\code\T4200A\Sources\M4100\UI\ColorScheme.h
G:\projeler\Parsian\code\T4200A\Sources\M4100\UI\disproc.c
G:\projeler\Parsian\code\T4200A\Sources\M4100\UI\disproc.h
G:\projeler\Parsian\code\T4200A\Sources\M4100\UI\menu.c
G:\projeler\Parsian\code\T4200A\Sources\M4100\UI\menu.h
G:\projeler\Parsian\code\T4200A\Sources\M4100\UI\review.c
G:\projeler\Parsian\code\T4200A\Sources\M4100\UI\review.h
G:\projeler\Parsian\code\T4200A\Sources\M4100\UI\runtime.c
G:\projeler\Parsian\code\T4200A\Sources\M4100\UI\runtime.h
G:\projeler\Parsian\code\T4200A\Sources\M4100\UI\screen.c
G:\projeler\Parsian\code\T4200A\Sources\M4100\UI\screen.h
G:\projeler\Parsian\code\T4200A\Sources\M4100\UI\screentab.h
G:\projeler\Parsian\code\T4200A\Sources\M4100\UI\sdl.c
G:\projeler\Parsian\code\T4200A\Sources\M4100\UI\sdl.h
G:\projeler\Parsian\code\T4200A\Sources\M4100\UI\sdlcalls.c
G:\projeler\Parsian\code\T4200A\Sources\M4100\UI\sprite.c
G:\projeler\Parsian\code\T4200A\Sources\M4100\UI\sprite.h
G:\projeler\Parsian\code\T4200A\Sources\NucleusInterface\Comms\comm.cpp
G:\projeler\Parsian\code\T4200A\Sources\NucleusInterface\Comms\comm.h
G:\projeler\Parsian\code\T4200A\Sources\NucleusInterface\Comms\comm_c.cpp
G:\projeler\Parsian\code\T4200A\Sources\NucleusInterface\Comms\comm_c.hpp
G:\projeler\Parsian\code\T4200A\Sources\NucleusInterface\Main\_main.c
G:\projeler\Parsian\code\T4200A\Sources\NucleusInterface\Main\AppStart.c
G:\projeler\Parsian\code\T4200A\Sources\NucleusInterface\Main\AppStart.h
G:\projeler\Parsian\code\T4200A\Sources\NucleusInterface\Main\events.h
G:\projeler\Parsian\code\T4200A\Sources\NucleusInterface\Main\timer.cpp
G:\projeler\Parsian\code\T4200A\Sources\NucleusInterface\Main\timer.h
G:\projeler\Parsian\code\T4200A\Sources\NucleusInterface\Profile\persistence.c
G:\projeler\Parsian\code\T4200A\Sources\T4100\BaseApp.vpj
G:\projeler\Parsian\code\T4200A\Sources\T4100\BaseApp.vpw
G:\projeler\Parsian\code\T4200A\Sources\T4100\debugflags
G:\projeler\Parsian\code\T4200A\Sources\T4100\financialicon.bin
G:\projeler\Parsian\code\T4200A\Sources\T4100\gccspecs
G:\projeler\Parsian\code\T4200A\Sources\T4100\GenGDBScript.awk
G:\projeler\Parsian\code\T4200A\Sources\T4100\PinPad\pinpad.c
G:\projeler\Parsian\code\T4200A\Sources\T4100\UI\disproc.c
G:\projeler\Parsian\code\T4200A\Sources\T4100\UI\disproc.h
G:\projeler\Parsian\code\T4200A\Sources\T4100\UI\menu.c
G:\projeler\Parsian\code\T4200A\Sources\T4100\UI\menu.h
G:\projeler\Parsian\code\T4200A\Sources\T4100\UI\review.c
G:\projeler\Parsian\code\T4200A\Sources\T4100\UI\review.h
G:\projeler\Parsian\code\T4200A\Sources\T4100\UI\runtime.c
G:\projeler\Parsian\code\T4200A\Sources\T4100\UI\runtime.h
G:\projeler\Parsian\code\T4200A\Sources\T4100\UI\screen.c
G:\projeler\Parsian\code\T4200A\Sources\T4100\UI\screen.h
G:\projeler\Parsian\code\T4200A\Sources\T4100\UI\screentab.h
G:\projeler\Parsian\code\T4200A\Sources\T4100\UI\sdl.c
G:\projeler\Parsian\code\T4200A\Sources\T4100\UI\sdl.h
G:\projeler\Parsian\code\T4200A\Sources\T4100\UI\sdlcalls.c
G:\projeler\Parsian\code\T4200A\Sources\T4100\UI\sprite.c
G:\projeler\Parsian\code\T4200A\Sources\T4100\UI\sprite.h
G:\projeler\Parsian\code\T4200A\Sources\T4200\BaseApp.gdb
G:\projeler\Parsian\code\T4200A\Sources\T4200\BaseApp.hxp
G:\projeler\Parsian\code\T4200A\Sources\T4200\BaseApp.vpj
G:\projeler\Parsian\code\T4200A\Sources\T4200\BaseApp.vpw
G:\projeler\Parsian\code\T4200A\Sources\T4200\BaseApp.vpwhist
G:\projeler\Parsian\code\T4200A\Sources\T4200\BaseApp.vtg
G:\projeler\Parsian\code\T4200A\Sources\T4200\BaseApp_Debug.hxp
G:\projeler\Parsian\code\T4200A\Sources\T4200\BaseApp_GCC42.vpw
G:\projeler\Parsian\code\T4200A\Sources\T4200\debugflags
G:\projeler\Parsian\code\T4200A\Sources\T4200\html.xml
G:\projeler\Parsian\code\T4200A\Sources\T4200\Optimum.x
G:\projeler\Parsian\code\T4200A\Sources\T4200\pxa255.x
G:\projeler\Parsian\code\T4200A\Sources\T4200\xhtml.xml
G:\projeler\Parsian\code\T4200A\Sources\T4200\xml.xml
G:\projeler\Parsian\code\T4200A\Sources\T4200\Debug\_main.o
G:\projeler\Parsian\code\T4200A\Sources\T4200\Debug\aapallow.o
G:\projeler\Parsian\code\T4200A\Sources\T4200\Debug\acctproc.o
G:\projeler\Parsian\code\T4200A\Sources\T4200\Debug\addprmpt.o
G:\projeler\Parsian\code\T4200A\Sources\T4200\Debug\adjust.o
G:\projeler\Parsian\code\T4200A\Sources\T4200\Debug\amtentry.o
G:\projeler\Parsian\code\T4200A\Sources\T4200\Debug\amtproc.o
G:\projeler\Parsian\code\T4200A\Sources\T4200\Debug\app1.o
G:\projeler\Parsian\code\T4200A\Sources\T4200\Debug\app2.o
G:\projeler\Parsian\code\T4200A\Sources\T4200\Debug\app4.o
G:\projeler\Parsian\code\T4200A\Sources\T4200\Debug\app_at.o
G:\projeler\Parsian\code\T4200A\Sources\T4200\Debug\app_pk.o
G:\projeler\Parsian\code\T4200A\Sources\T4200\Debug\appd2chr.o
G:\projeler\Parsian\code\T4200A\Sources\T4200\Debug\appdac3p.o
G:\projeler\Parsian\code\T4200A\Sources\T4200\Debug\appdacc2.o
G:\projeler\Parsian\code\T4200A\Sources\T4200\Debug\appdamt.o
G:\projeler\Parsian\code\T4200A\Sources\T4200\Debug\appdata.o
G:\projeler\Parsian\code\T4200A\Sources\T4200\Debug\appdchar.o
G:\projeler\Parsian\code\T4200A\Sources\T4200\Debug\appdcnmc.o
G:\projeler\Parsian\code\T4200A\Sources\T4200\Debug\appdcnmp.o
G:\projeler\Parsian\code\T4200A\Sources\T4200\Debug\appdedat.o
G:\projeler\Parsian\code\T4200A\Sources\T4200\Debug\appdfs.o
G:\projeler\Parsian\code\T4200A\Sources\T4200\Debug\appdmicr.o
G:\projeler\Parsian\code\T4200A\Sources\T4200\Debug\appdmta.o
G:\projeler\Parsian\code\T4200A\Sources\T4200\Debug\appdmtta.o
G:\projeler\Parsian\code\T4200A\Sources\T4200\Debug\appdpanm.o
G:\projeler\Parsian\code\T4200A\Sources\T4200\Debug\appdpant.o
G:\projeler\Parsian\code\T4200A\Sources\T4200\Debug\appdrout.o
G:\projeler\Parsian\code\T4200A\Sources\T4200\Debug\appdvtid.o
G:\projeler\Parsian\code\T4200A\Sources\T4200\Debug\appdvtpd.o
G:\projeler\Parsian\code\T4200A\Sources\T4200\Debug\appdwcc.o
G:\projeler\Parsian\code\T4200A\Sources\T4200\Debug\AppStart.o
G:\projeler\Parsian\code\T4200A\Sources\T4200\Debug\aptab.o
G:\projeler\Parsian\code\T4200A\Sources\T4200\Debug\aqtab.o
G:\projeler\Parsian\code\T4200A\Sources\T4200\Debug\autosetl.o
G:\projeler\Parsian\code\T4200A\Sources\T4200\Debug\autotest.o
G:\projeler\Parsian\code\T4200A\Sources\T4200\Debug\BaseApp.app
G:\projeler\Parsian\code\T4200A\Sources\T4200\Debug\BaseApp.elf
G:\projeler\Parsian\code\T4200A\Sources\T4200\Debug\BaseApp.hxp
G:\projeler\Parsian\code\T4200A\Sources\T4200\Debug\BaseApp.map
G:\projeler\Parsian\code\T4200A\Sources\T4200\Debug\BaseApp.src
G:\projeler\Parsian\code\T4200A\Sources\T4200\Debug\BaseApp.txt
G:\projeler\Parsian\code\T4200A\Sources\T4200\Debug\BaseApp.vpb
G:\projeler\Parsian\code\T4200A\Sources\T4200\Debug\batcntl.o
G:\projeler\Parsian\code\T4200A\Sources\T4200\Debug\batpend.o
G:\projeler\Parsian\code\T4200A\Sources\T4200\Debug\battab.o
G:\projeler\Parsian\code\T4200A\Sources\T4200\Debug\bcdbinw.o
G:\projeler\Parsian\code\T4200A\Sources\T4200\Debug\binbcdb.o
G:\projeler\Parsian\code\T4200A\Sources\T4200\Debug\binbcdw.o
G:\projeler\Parsian\code\T4200A\Sources\T4200\Debug\bit8583.o
G:\projeler\Parsian\code\T4200A\Sources\T4200\Debug\cashier.o
G:\projeler\Parsian\code\T4200A\Sources\T4200\Debug\checkCurrency.o
G:\projeler\Parsian\code\T4200A\Sources\T4200\Debug\chkbatch.o
G:\projeler\Parsian\code\T4200A\Sources\T4200\Debug\chkleng.o
G:\projeler\Parsian\code\T4200A\Sources\T4200\Debug\chkprntr.o
G:\projeler\Parsian\code\T4200A\Sources\T4200\Debug\close.o
G:\projeler\Parsian\code\T4200A\Sources\T4200\Debug\cndmtamt.o
G:\projeler\Parsian\code\T4200A\Sources\T4200\Debug\comdata.o
G:\projeler\Parsian\code\T4200A\Sources\T4200\Debug\comm.o
G:\projeler\Parsian\code\T4200A\Sources\T4200\Debug\comm_c.o
G:\projeler\Parsian\code\T4200A\Sources\T4200\Debug\crdrange.o
G:\projeler\Parsian\code\T4200A\Sources\T4200\Debug\creauth.o
G:\projeler\Parsian\code\T4200A\Sources\T4200\Debug\crtab.o
G:\projeler\Parsian\code\T4200A\Sources\T4200\Debug\cryptoutils.o
G:\projeler\Parsian\code\T4200A\Sources\T4200\Debug\cstmamnt.o
G:\projeler\Parsian\code\T4200A\Sources\T4200\Debug\cvtamt.o
G:\projeler\Parsian\code\T4200A\Sources\T4200\Debug\cvv2proc.o
G:\projeler\Parsian\code\T4200A\Sources\T4200\Debug\datetime.o
G:\projeler\Parsian\code\T4200A\Sources\T4200\Debug\debugprt.o
G:\projeler\Parsian\code\T4200A\Sources\T4200\Debug\delreprt.o
G:\projeler\Parsian\code\T4200A\Sources\T4200\Debug\demo.o
G:\projeler\Parsian\code\T4200A\Sources\T4200\Debug\discount.o
G:\projeler\Parsian\code\T4200A\Sources\T4200\Debug\disproc.o
G:\projeler\Parsian\code\T4200A\Sources\T4200\Debug\doprtlst.o
G:\projeler\Parsian\code\T4200A\Sources\T4200\Debug\dstab.o
G:\projeler\Parsian\code\T4200A\Sources\T4200\Debug\emv_atdata.o
G:\projeler\Parsian\code\T4200A\Sources\T4200\Debug\emv_keydata.o
G:\projeler\Parsian\code\T4200A\Sources\T4200\Debug\emvaptag.o
G:\projeler\Parsian\code\T4200A\Sources\T4200\Debug\emvdata.o
G:\projeler\Parsian\code\T4200A\Sources\T4200\Debug\emvtabs2.o
G:\projeler\Parsian\code\T4200A\Sources\T4200\Debug\emvutils.o
G:\projeler\Parsian\code\T4200A\Sources\T4200\Debug\eventbl.o
G:\projeler\Parsian\code\T4200A\Sources\T4200\Debug\evtentext.o
G:\projeler\Parsian\code\T4200A\Sources\T4200\Debug\evtestext.o
G:\projeler\Parsian\code\T4200A\Sources\T4200\Debug\evtfatext.o
G:\projeler\Parsian\code\T4200A\Sources\T4200\Debug\evtgrtext.o
G:\projeler\Parsian\code\T4200A\Sources\T4200\Debug\evtpttext.o
G:\projeler\Parsian\code\T4200A\Sources\T4200\Debug\evtswtext.o
G:\projeler\Parsian\code\T4200A\Sources\T4200\Debug\evttextinit.o
G:\projeler\Parsian\code\T4200A\Sources\T4200\Debug\Farsi_dspFont_06BN08.o
G:\projeler\Parsian\code\T4200A\Sources\T4200\Debug\Farsi_print.o
G:\projeler\Parsian\code\T4200A\Sources\T4200\Debug\Farsi_prnCodePage.o
G:\projeler\Parsian\code\T4200A\Sources\T4200\Debug\Farsi_prnFont_H14.o
G:\projeler\Parsian\code\T4200A\Sources\T4200\Debug\fdwnld.o
G:\projeler\Parsian\code\T4200A\Sources\T4200\Debug\fileinit.o
G:\projeler\Parsian\code\T4200A\Sources\T4200\Debug\findtran.o
G:\projeler\Parsian\code\T4200A\Sources\T4200\Debug\flaghost.o
G:\projeler\Parsian\code\T4200A\Sources\T4200\Debug\floor.o
G:\projeler\Parsian\code\T4200A\Sources\T4200\Debug\forceSettlement.o
G:\projeler\Parsian\code\T4200A\Sources\T4200\Debug\fttab.o
G:\projeler\Parsian\code\T4200A\Sources\T4200\Debug\funct2.o
G:\projeler\Parsian\code\T4200A\Sources\T4200\Debug\function.o
G:\projeler\Parsian\code\T4200A\Sources\T4200\Debug\genauth.o
G:\projeler\Parsian\code\T4200A\Sources\T4200\Debug\getaqid.o
G:\projeler\Parsian\code\T4200A\Sources\T4200\Debug\getdate.o
G:\projeler\Parsian\code\T4200A\Sources\T4200\Debug\getkey.o
G:\projeler\Parsian\code\T4200A\Sources\T4200\Debug\getrninv.o
G:\projeler\Parsian\code\T4200A\Sources\T4200\Debug\gettime.o
G:\projeler\Parsian\code\T4200A\Sources\T4200\Debug\hdtentext.o
G:\projeler\Parsian\code\T4200A\Sources\T4200\Debug\hdtestext.o
G:\projeler\Parsian\code\T4200A\Sources\T4200\Debug\hdtfatext.o
G:\projeler\Parsian\code\T4200A\Sources\T4200\Debug\hdtgrtext.o
G:\projeler\Parsian\code\T4200A\Sources\T4200\Debug\hdtpttext.o
G:\projeler\Parsian\code\T4200A\Sources\T4200\Debug\hdtswtext.o
G:\projeler\Parsian\code\T4200A\Sources\T4200\Debug\hdttextinit.o
G:\projeler\Parsian\code\T4200A\Sources\T4200\Debug\host.o
G:\projeler\Parsian\code\T4200A\Sources\T4200\Debug\HostTable.o
G:\projeler\Parsian\code\T4200A\Sources\T4200\Debug\HostTransport.o
G:\projeler\Parsian\code\T4200A\Sources\T4200\Debug\hstcopy.o
G:\projeler\Parsian\code\T4200A\Sources\T4200\Debug\hstjs.o
G:\projeler\Parsian\code\T4200A\Sources\T4200\Debug\hstmsg.o
G:\projeler\Parsian\code\T4200A\Sources\T4200\Debug\hstprint.o
G:\projeler\Parsian\code\T4200A\Sources\T4200\Debug\hstprint2.o
G:\projeler\Parsian\code\T4200A\Sources\T4200\Debug\hstresp.o
G:\projeler\Parsian\code\T4200A\Sources\T4200\Debug\hyper.o
G:\projeler\Parsian\code\T4200A\Sources\T4200\Debug\hypertcf.o
G:\projeler\Parsian\code\T4200A\Sources\T4200\Debug\i8583utl.o
G:\projeler\Parsian\code\T4200A\Sources\T4200\Debug\ibtab.o
G:\projeler\Parsian\code\T4200A\Sources\T4200\Debug\iccdebug.o
G:\projeler\Parsian\code\T4200A\Sources\T4200\Debug\icepak.o
G:\projeler\Parsian\code\T4200A\Sources\T4200\Debug\icepak1.o
G:\projeler\Parsian\code\T4200A\Sources\T4200\Debug\idlebutt.o
G:\projeler\Parsian\code\T4200A\Sources\T4200\Debug\img.o
G:\projeler\Parsian\code\T4200A\Sources\T4200\Debug\inadjinv.o
G:\projeler\Parsian\code\T4200A\Sources\T4200\Debug\incbatno.o
G:\projeler\Parsian\code\T4200A\Sources\T4200\Debug\init.o
G:\projeler\Parsian\code\T4200A\Sources\T4200\Debug\initcryp.o
G:\projeler\Parsian\code\T4200A\Sources\T4200\Debug\inpmpswd.o
G:\projeler\Parsian\code\T4200A\Sources\T4200\Debug\inputcsh.o
G:\projeler\Parsian\code\T4200A\Sources\T4200\Debug\inputpwd.o
G:\projeler\Parsian\code\T4200A\Sources\T4200\Debug\inputspw.o
G:\projeler\Parsian\code\T4200A\Sources\T4200\Debug\ipctab.o
G:\projeler\Parsian\code\T4200A\Sources\T4200\Debug\iptab.o
G:\projeler\Parsian\code\T4200A\Sources\T4200\Debug\is8583.o
G:\projeler\Parsian\code\T4200A\Sources\T4200\Debug\isdebit.o
G:\projeler\Parsian\code\T4200A\Sources\T4200\Debug\isrest.o
G:\projeler\Parsian\code\T4200A\Sources\T4200\Debug\istab.o
G:\projeler\Parsian\code\T4200A\Sources\T4200\Debug\journal.o
G:\projeler\Parsian\code\T4200A\Sources\T4200\Debug\jrnapps.o
G:\projeler\Parsian\code\T4200A\Sources\T4200\Debug\loctab.o
G:\projeler\Parsian\code\T4200A\Sources\T4200\Debug\loyalty.o
G:\projeler\Parsian\code\T4200A\Sources\T4200\Debug\manuexp.o
G:\projeler\Parsian\code\T4200A\Sources\T4200\Debug\manuissn.o
G:\projeler\Parsian\code\T4200A\Sources\T4200\Debug\manustd.o
G:\projeler\Parsian\code\T4200A\Sources\T4200\Debug\menu.o
G:\projeler\Parsian\code\T4200A\Sources\T4200\Debug\msg.o
G:\projeler\Parsian\code\T4200A\Sources\T4200\Debug\msg1.o
G:\projeler\Parsian\code\T4200A\Sources\T4200\Debug\msgfunc.o
G:\projeler\Parsian\code\T4200A\Sources\T4200\Debug\MSRArb.o
G:\projeler\Parsian\code\T4200A\Sources\T4200\Debug\negsign.o
G:\projeler\Parsian\code\T4200A\Sources\T4200\Debug\offline.o
G:\projeler\Parsian\code\T4200A\Sources\T4200\Debug\pclentext.o
G:\projeler\Parsian\code\T4200A\Sources\T4200\Debug\pclestext.o
G:\projeler\Parsian\code\T4200A\Sources\T4200\Debug\pclfatext.o
G:\projeler\Parsian\code\T4200A\Sources\T4200\Debug\pclgrtext.o
G:\projeler\Parsian\code\T4200A\Sources\T4200\Debug\pclpttext.o
G:\projeler\Parsian\code\T4200A\Sources\T4200\Debug\pclswtext.o
G:\projeler\Parsian\code\T4200A\Sources\T4200\Debug\pcltextinit.o
G:\projeler\Parsian\code\T4200A\Sources\T4200\Debug\pdntab.o
G:\projeler\Parsian\code\T4200A\Sources\T4200\Debug\perfutil.o
G:\projeler\Parsian\code\T4200A\Sources\T4200\Debug\persistence.o
G:\projeler\Parsian\code\T4200A\Sources\T4200\Debug\PFlrc.o
G:\projeler\Parsian\code\T4200A\Sources\T4200\Debug\pinattackdelay.o
G:\projeler\Parsian\code\T4200A\Sources\T4200\Debug\pinpad.o
G:\projeler\Parsian\code\T4200A\Sources\T4200\Debug\pinutils.o
G:\projeler\Parsian\code\T4200A\Sources\T4200\Debug\predial.o
G:\projeler\Parsian\code\T4200A\Sources\T4200\Debug\prtdata.o
G:\projeler\Parsian\code\T4200A\Sources\T4200\Debug\prtdef.o
G:\projeler\Parsian\code\T4200A\Sources\T4200\Debug\prtDetayli.o
G:\projeler\Parsian\code\T4200A\Sources\T4200\Debug\prtdrv.o
G:\projeler\Parsian\code\T4200A\Sources\T4200\Debug\prttable.o
G:\projeler\Parsian\code\T4200A\Sources\T4200\Debug\read_io.o
G:\projeler\Parsian\code\T4200A\Sources\T4200\Debug\readdata.o
G:\projeler\Parsian\code\T4200A\Sources\T4200\Debug\receipt.o
G:\projeler\Parsian\code\T4200A\Sources\T4200\Debug\refproc.o
G:\projeler\Parsian\code\T4200A\Sources\T4200\Debug\release.o
G:\projeler\Parsian\code\T4200A\Sources\T4200\Debug\reports.o
G:\projeler\Parsian\code\T4200A\Sources\T4200\Debug\reqhyp.o
G:\projeler\Parsian\code\T4200A\Sources\T4200\Debug\reqicepk.o
G:\projeler\Parsian\code\T4200A\Sources\T4200\Debug\reqinit.o
G:\projeler\Parsian\code\T4200A\Sources\T4200\Debug\reqvisa1.o
G:\projeler\Parsian\code\T4200A\Sources\T4200\Debug\reqvisad.o
G:\projeler\Parsian\code\T4200A\Sources\T4200\Debug\respdsp.o
G:\projeler\Parsian\code\T4200A\Sources\T4200\Debug\review.o
G:\projeler\Parsian\code\T4200A\Sources\T4200\Debug\rs232.o
G:\projeler\Parsian\code\T4200A\Sources\T4200\Debug\rspentext.o
G:\projeler\Parsian\code\T4200A\Sources\T4200\Debug\rspestext.o
G:\projeler\Parsian\code\T4200A\Sources\T4200\Debug\rspfatext.o
G:\projeler\Parsian\code\T4200A\Sources\T4200\Debug\rspgrtext.o
G:\projeler\Parsian\code\T4200A\Sources\T4200\Debug\rsphyp.o
G:\projeler\Parsian\code\T4200A\Sources\T4200\Debug\rspinit.o
G:\projeler\Parsian\code\T4200A\Sources\T4200\Debug\rsppttext.o
G:\projeler\Parsian\code\T4200A\Sources\T4200\Debug\rspswtext.o
G:\projeler\Parsian\code\T4200A\Sources\T4200\Debug\rsptextinit.o
G:\projeler\Parsian\code\T4200A\Sources\T4200\Debug\rspunp.o
G:\projeler\Parsian\code\T4200A\Sources\T4200\Debug\rspvisa1.o
G:\projeler\Parsian\code\T4200A\Sources\T4200\Debug\rspvisad.o
G:\projeler\Parsian\code\T4200A\Sources\T4200\Debug\runtime.o
G:\projeler\Parsian\code\T4200A\Sources\T4200\Debug\schdoverride.o
G:\projeler\Parsian\code\T4200A\Sources\T4200\Debug\schedule.o
G:\projeler\Parsian\code\T4200A\Sources\T4200\Debug\schtab.o
G:\projeler\Parsian\code\T4200A\Sources\T4200\Debug\screen.o
G:\projeler\Parsian\code\T4200A\Sources\T4200\Debug\sdl.o
G:\projeler\Parsian\code\T4200A\Sources\T4200\Debug\sdlcalls.o
G:\projeler\Parsian\code\T4200A\Sources\T4200\Debug\settime.o
G:\projeler\Parsian\code\T4200A\Sources\T4200\Debug\settle.o
G:\projeler\Parsian\code\T4200A\Sources\T4200\Debug\settlesum.o
G:\projeler\Parsian\code\T4200A\Sources\T4200\Debug\setup.o
G:\projeler\Parsian\code\T4200A\Sources\T4200\Debug\shift.o
G:\projeler\Parsian\code\T4200A\Sources\T4200\Debug\show.o
G:\projeler\Parsian\code\T4200A\Sources\T4200\Debug\showtrk2.o
G:\projeler\Parsian\code\T4200A\Sources\T4200\Debug\sprite.o
G:\projeler\Parsian\code\T4200A\Sources\T4200\Debug\syserr.o
G:\projeler\Parsian\code\T4200A\Sources\T4200\Debug\system_calls.o
G:\projeler\Parsian\code\T4200A\Sources\T4200\Debug\tabclose.o
G:\projeler\Parsian\code\T4200A\Sources\T4200\Debug\tables.o
G:\projeler\Parsian\code\T4200A\Sources\T4200\Debug\tabproc.o
G:\projeler\Parsian\code\T4200A\Sources\T4200\Debug\tabutil.o
G:\projeler\Parsian\code\T4200A\Sources\T4200\Debug\tconf.o
G:\projeler\Parsian\code\T4200A\Sources\T4200\Debug\TERMtab.o
G:\projeler\Parsian\code\T4200A\Sources\T4200\Debug\testprnt.o
G:\projeler\Parsian\code\T4200A\Sources\T4200\Debug\text.o
G:\projeler\Parsian\code\T4200A\Sources\T4200\Debug\TextInit.o
G:\projeler\Parsian\code\T4200A\Sources\T4200\Debug\tftab.o
G:\projeler\Parsian\code\T4200A\Sources\T4200\Debug\totals.o
G:\projeler\Parsian\code\T4200A\Sources\T4200\Debug\totlook.o
G:\projeler\Parsian\code\T4200A\Sources\T4200\Debug\trainmod.o
G:\projeler\Parsian\code\T4200A\Sources\T4200\Debug\trinpclr.o
G:\projeler\Parsian\code\T4200A\Sources\T4200\Debug\updttime.o
G:\projeler\Parsian\code\T4200A\Sources\T4200\Debug\util.o
G:\projeler\Parsian\code\T4200A\Sources\T4200\Debug\util2.o
G:\projeler\Parsian\code\T4200A\Sources\T4200\Debug\utilfunc.o
G:\projeler\Parsian\code\T4200A\Sources\T4200\Debug\V2tab.o
G:\projeler\Parsian\code\T4200A\Sources\T4200\Debug\validexp.o
G:\projeler\Parsian\code\T4200A\Sources\T4200\Debug\validstd.o
G:\projeler\Parsian\code\T4200A\Sources\T4200\Debug\virtualped.o
G:\projeler\Parsian\code\T4200A\Sources\T4200\Debug\visa1.o
G:\projeler\Parsian\code\T4200A\Sources\T4200\Debug\visad.o
G:\projeler\Parsian\code\T4200A\Sources\T4200\Debug\void.o
G:\projeler\Parsian\code\T4200A\Sources\T4200\Debug\wrrtc.o
G:\projeler\Parsian\code\T4200A\Sources\T4200\Farsi\evtfatext.c
G:\projeler\Parsian\code\T4200A\Sources\T4200\Farsi\Farsi_dspFont_06BN08.c
G:\projeler\Parsian\code\T4200A\Sources\T4200\Farsi\Farsi_dspFont_06BN08.h
G:\projeler\Parsian\code\T4200A\Sources\T4200\Farsi\Farsi_print.c
G:\projeler\Parsian\code\T4200A\Sources\T4200\Farsi\Farsi_print.h
G:\projeler\Parsian\code\T4200A\Sources\T4200\Farsi\Farsi_prnCodePage.c
G:\projeler\Parsian\code\T4200A\Sources\T4200\Farsi\Farsi_prnCodePage.h
G:\projeler\Parsian\code\T4200A\Sources\T4200\Farsi\Farsi_prnFont_H14.c
G:\projeler\Parsian\code\T4200A\Sources\T4200\Farsi\Farsi_prnFontNormal.h
G:\projeler\Parsian\code\T4200A\Sources\T4200\Farsi\hdtfatext.c
G:\projeler\Parsian\code\T4200A\Sources\T4200\Farsi\pclfatext.c
G:\projeler\Parsian\code\T4200A\Sources\T4200\Farsi\rspfatext.c
G:\projeler\Parsian\code\T4200A\Sources\T4200\PinPad\pinpad.c
G:\projeler\Parsian\code\T4200A\Sources\T4200\UI\disproc.c
G:\projeler\Parsian\code\T4200A\Sources\T4200\UI\disproc.h
G:\projeler\Parsian\code\T4200A\Sources\T4200\UI\menu.c
G:\projeler\Parsian\code\T4200A\Sources\T4200\UI\menu.h
G:\projeler\Parsian\code\T4200A\Sources\T4200\UI\sdl.c
G:\projeler\Parsian\code\T4200A\Sources\T4200\UI\sprite.c
